---
source: boltffi_bindgen/src/render/dart/templates.rs
expression: rendered
---

int liveQueryReconnectDelayMs(
  int attempt,
) {
final _p$result = _f$boltffi_live_query_reconnect_delay_ms(attempt);
return _p$result;

}

Future<BoltFFIResult<String, ParseError>> fetchSession(
) {
return _$$BoltFFIAsync.create(
  createFuture: () => _f$boltffi_fetch_session(),
  pollFuture: _f$boltffi_fetch_session_poll,
  completeFuture: (handle) {
final _p$asyncStatus = $$extffi.calloc<_$$FFIStatus>();
try {
final _p$asyncResult = _f$boltffi_fetch_session_complete(handle, _p$asyncStatus);
if (_p$asyncStatus.ref.code != 0) { throw _$$FFIException(-1, _$$takeLastErrorMessage()); }
final _p$reader = _$$WireReader(_p$asyncResult.ptr, _p$asyncResult.len);
try {
return 
_p$reader.readResult(
  (_p$reader) => _p$reader.readString(),
  (_p$reader) => ParseError._m$wireDecode(_p$reader)
)
            ;
} finally { _f$boltffi_free_buf(_p$asyncResult); }
} finally {
$$extffi.calloc.free(_p$asyncStatus);
}
  },
  freeFuture: _f$boltffi_fetch_session_free,
  cancelFuture: _f$boltffi_fetch_session_cancel,
);

}
